Archive member included to satisfy reference by file (symbol)

c:/ac6/systemworkbench/plugins/fr.ac6.mcu.externaltools.arm-none.win32_1.7.0.201602121829/tools/compiler/bin/../lib/gcc/arm-none-eabi/5.2.1/armv6-m\libgcc.a(_udivsi3.o)
                              Src/system_stm32l0xx.o (__aeabi_uidiv)
c:/ac6/systemworkbench/plugins/fr.ac6.mcu.externaltools.arm-none.win32_1.7.0.201602121829/tools/compiler/bin/../lib/gcc/arm-none-eabi/5.2.1/armv6-m\libgcc.a(_dvmd_tls.o)
                              c:/ac6/systemworkbench/plugins/fr.ac6.mcu.externaltools.arm-none.win32_1.7.0.201602121829/tools/compiler/bin/../lib/gcc/arm-none-eabi/5.2.1/armv6-m\libgcc.a(_udivsi3.o) (__aeabi_idiv0)
c:/ac6/systemworkbench/plugins/fr.ac6.mcu.externaltools.arm-none.win32_1.7.0.201602121829/tools/compiler/bin/../lib/gcc/arm-none-eabi/5.2.1/../../../../arm-none-eabi/lib/armv6-m\libc_nano.a(lib_a-exit.o)
                              c:/ac6/systemworkbench/plugins/fr.ac6.mcu.externaltools.arm-none.win32_1.7.0.201602121829/tools/compiler/bin/../lib/gcc/arm-none-eabi/5.2.1/../../../../arm-none-eabi/lib/armv6-m/crt0.o (exit)
c:/ac6/systemworkbench/plugins/fr.ac6.mcu.externaltools.arm-none.win32_1.7.0.201602121829/tools/compiler/bin/../lib/gcc/arm-none-eabi/5.2.1/../../../../arm-none-eabi/lib/armv6-m\libc_nano.a(lib_a-impure.o)
                              c:/ac6/systemworkbench/plugins/fr.ac6.mcu.externaltools.arm-none.win32_1.7.0.201602121829/tools/compiler/bin/../lib/gcc/arm-none-eabi/5.2.1/../../../../arm-none-eabi/lib/armv6-m\libc_nano.a(lib_a-exit.o) (_global_impure_ptr)
c:/ac6/systemworkbench/plugins/fr.ac6.mcu.externaltools.arm-none.win32_1.7.0.201602121829/tools/compiler/bin/../lib/gcc/arm-none-eabi/5.2.1/../../../../arm-none-eabi/lib/armv6-m\libc_nano.a(lib_a-init.o)
                              c:/ac6/systemworkbench/plugins/fr.ac6.mcu.externaltools.arm-none.win32_1.7.0.201602121829/tools/compiler/bin/../lib/gcc/arm-none-eabi/5.2.1/../../../../arm-none-eabi/lib/armv6-m/crt0.o (__libc_init_array)
c:/ac6/systemworkbench/plugins/fr.ac6.mcu.externaltools.arm-none.win32_1.7.0.201602121829/tools/compiler/bin/../lib/gcc/arm-none-eabi/5.2.1/../../../../arm-none-eabi/lib/armv6-m\libc_nano.a(lib_a-itoa.o)
                              Src/main.o (itoa)
c:/ac6/systemworkbench/plugins/fr.ac6.mcu.externaltools.arm-none.win32_1.7.0.201602121829/tools/compiler/bin/../lib/gcc/arm-none-eabi/5.2.1/../../../../arm-none-eabi/lib/armv6-m\libc_nano.a(lib_a-memcpy-stub.o)
                              Src/main.o (memcpy)
c:/ac6/systemworkbench/plugins/fr.ac6.mcu.externaltools.arm-none.win32_1.7.0.201602121829/tools/compiler/bin/../lib/gcc/arm-none-eabi/5.2.1/../../../../arm-none-eabi/lib/armv6-m\libc_nano.a(lib_a-memset.o)
                              c:/ac6/systemworkbench/plugins/fr.ac6.mcu.externaltools.arm-none.win32_1.7.0.201602121829/tools/compiler/bin/../lib/gcc/arm-none-eabi/5.2.1/../../../../arm-none-eabi/lib/armv6-m/crt0.o (memset)
c:/ac6/systemworkbench/plugins/fr.ac6.mcu.externaltools.arm-none.win32_1.7.0.201602121829/tools/compiler/bin/../lib/gcc/arm-none-eabi/5.2.1/../../../../arm-none-eabi/lib/armv6-m\libc_nano.a(lib_a-strcat.o)
                              Src/main.o (strcat)
c:/ac6/systemworkbench/plugins/fr.ac6.mcu.externaltools.arm-none.win32_1.7.0.201602121829/tools/compiler/bin/../lib/gcc/arm-none-eabi/5.2.1/../../../../arm-none-eabi/lib/armv6-m\libc_nano.a(lib_a-strlen.o)
                              Src/main.o (strlen)
c:/ac6/systemworkbench/plugins/fr.ac6.mcu.externaltools.arm-none.win32_1.7.0.201602121829/tools/compiler/bin/../lib/gcc/arm-none-eabi/5.2.1/../../../../arm-none-eabi/lib/armv6-m\libc_nano.a(lib_a-utoa.o)
                              c:/ac6/systemworkbench/plugins/fr.ac6.mcu.externaltools.arm-none.win32_1.7.0.201602121829/tools/compiler/bin/../lib/gcc/arm-none-eabi/5.2.1/../../../../arm-none-eabi/lib/armv6-m\libc_nano.a(lib_a-itoa.o) (__utoa)
c:/ac6/systemworkbench/plugins/fr.ac6.mcu.externaltools.arm-none.win32_1.7.0.201602121829/tools/compiler/bin/../lib/gcc/arm-none-eabi/5.2.1/../../../../arm-none-eabi/lib/armv6-m\libnosys.a(_exit.o)
                              c:/ac6/systemworkbench/plugins/fr.ac6.mcu.externaltools.arm-none.win32_1.7.0.201602121829/tools/compiler/bin/../lib/gcc/arm-none-eabi/5.2.1/../../../../arm-none-eabi/lib/armv6-m\libc_nano.a(lib_a-exit.o) (_exit)

Discarded input sections

 .text          0x00000000        0x0 c:/ac6/systemworkbench/plugins/fr.ac6.mcu.externaltools.arm-none.win32_1.7.0.201602121829/tools/compiler/bin/../lib/gcc/arm-none-eabi/5.2.1/armv6-m/crti.o
 .data          0x00000000        0x0 c:/ac6/systemworkbench/plugins/fr.ac6.mcu.externaltools.arm-none.win32_1.7.0.201602121829/tools/compiler/bin/../lib/gcc/arm-none-eabi/5.2.1/armv6-m/crti.o
 .bss           0x00000000        0x0 c:/ac6/systemworkbench/plugins/fr.ac6.mcu.externaltools.arm-none.win32_1.7.0.201602121829/tools/compiler/bin/../lib/gcc/arm-none-eabi/5.2.1/armv6-m/crti.o
[...]
Memory Configuration

Name             Origin             Length             Attributes
RAM              0x20000000         0x00002000         xrw
FLASH            0x08000000         0x00010000         xr
*default*        0x00000000         0xffffffff

Linker script and memory map

LOAD c:/ac6/systemworkbench/plugins/fr.ac6.mcu.externaltools.arm-none.win32_1.7.0.201602121829/tools/compiler/bin/../lib/gcc/arm-none-eabi/5.2.1/armv6-m/crti.o
LOAD c:/ac6/systemworkbench/plugins/fr.ac6.mcu.externaltools.arm-none.win32_1.7.0.201602121829/tools/compiler/bin/../lib/gcc/arm-none-eabi/5.2.1/armv6-m/crtbegin.o
LOAD c:/ac6/systemworkbench/plugins/fr.ac6.mcu.externaltools.arm-none.win32_1.7.0.201602121829/tools/compiler/bin/../lib/gcc/arm-none-eabi/5.2.1/../../../../arm-none-eabi/lib/armv6-m/crt0.o
LOAD c:/ac6/systemworkbench/plugins/fr.ac6.mcu.externaltools.arm-none.win32_1.7.0.201602121829/tools/compiler/bin/../lib/gcc/arm-none-eabi/5.2.1/../../../../arm-none-eabi/lib/armv6-m\libm.a
LOAD startup/startup_stm32l053xx.o
LOAD Src/gpio.o
LOAD Src/lcd.o
LOAD Src/main.o
LOAD Src/sensor.o
LOAD Src/servo.o
LOAD Src/stm32l0xx_it.o
LOAD Src/system_stm32l0xx.o
LOAD Src/tm_stm32f4_servo.o
LOAD Src/usart.o
LOAD Drivers/STM32L0xx_HAL_Driver/Src/stm32l0xx_ll_dma.o
LOAD Drivers/STM32L0xx_HAL_Driver/Src/stm32l0xx_ll_exti.o
LOAD Drivers/STM32L0xx_HAL_Driver/Src/stm32l0xx_ll_gpio.o
LOAD Drivers/STM32L0xx_HAL_Driver/Src/stm32l0xx_ll_pwr.o
LOAD Drivers/STM32L0xx_HAL_Driver/Src/stm32l0xx_ll_rcc.o
LOAD Drivers/STM32L0xx_HAL_Driver/Src/stm32l0xx_ll_usart.o
LOAD Drivers/STM32L0xx_HAL_Driver/Src/stm32l0xx_ll_utils.o
START GROUP
LOAD c:/ac6/systemworkbench/plugins/fr.ac6.mcu.externaltools.arm-none.win32_1.7.0.201602121829/tools/compiler/bin/../lib/gcc/arm-none-eabi/5.2.1/armv6-m\libgcc.a
LOAD c:/ac6/systemworkbench/plugins/fr.ac6.mcu.externaltools.arm-none.win32_1.7.0.201602121829/tools/compiler/bin/../lib/gcc/arm-none-eabi/5.2.1/../../../../arm-none-eabi/lib/armv6-m\libc_nano.a
END GROUP
START GROUP
LOAD c:/ac6/systemworkbench/plugins/fr.ac6.mcu.externaltools.arm-none.win32_1.7.0.201602121829/tools/compiler/bin/../lib/gcc/arm-none-eabi/5.2.1/armv6-m\libgcc.a
LOAD c:/ac6/systemworkbench/plugins/fr.ac6.mcu.externaltools.arm-none.win32_1.7.0.201602121829/tools/compiler/bin/../lib/gcc/arm-none-eabi/5.2.1/../../../../arm-none-eabi/lib/armv6-m\libc_nano.a
LOAD c:/ac6/systemworkbench/plugins/fr.ac6.mcu.externaltools.arm-none.win32_1.7.0.201602121829/tools/compiler/bin/../lib/gcc/arm-none-eabi/5.2.1/../../../../arm-none-eabi/lib/armv6-m\libnosys.a
END GROUP
START GROUP
LOAD c:/ac6/systemworkbench/plugins/fr.ac6.mcu.externaltools.arm-none.win32_1.7.0.201602121829/tools/compiler/bin/../lib/gcc/arm-none-eabi/5.2.1/armv6-m\libgcc.a
LOAD c:/ac6/systemworkbench/plugins/fr.ac6.mcu.externaltools.arm-none.win32_1.7.0.201602121829/tools/compiler/bin/../lib/gcc/arm-none-eabi/5.2.1/../../../../arm-none-eabi/lib/armv6-m\libc_nano.a
LOAD c:/ac6/systemworkbench/plugins/fr.ac6.mcu.externaltools.arm-none.win32_1.7.0.201602121829/tools/compiler/bin/../lib/gcc/arm-none-eabi/5.2.1/../../../../arm-none-eabi/lib/armv6-m\libnosys.a
END GROUP
LOAD c:/ac6/systemworkbench/plugins/fr.ac6.mcu.externaltools.arm-none.win32_1.7.0.201602121829/tools/compiler/bin/../lib/gcc/arm-none-eabi/5.2.1/armv6-m/crtend.o
LOAD c:/ac6/systemworkbench/plugins/fr.ac6.mcu.externaltools.arm-none.win32_1.7.0.201602121829/tools/compiler/bin/../lib/gcc/arm-none-eabi/5.2.1/armv6-m/crtn.o
                0x20002000                _estack = 0x20002000
                0x00000200                _Min_Heap_Size = 0x200
                0x00000400                _Min_Stack_Size = 0x400

.isr_vector     0x08000000       0xc0
                0x08000000                . = ALIGN (0x4)
 *(.isr_vector)
 .isr_vector    0x08000000       0xc0 startup/startup_stm32l053xx.o
                0x08000000                g_pfnVectors
                0x080000c0                . = ALIGN (0x4)

.text           0x080000c0      0xedc
                0x080000c0                . = ALIGN (0x4)
 *(.text)
 .text          0x080000c0       0xb4 c:/ac6/systemworkbench/plugins/fr.ac6.mcu.externaltools.arm-none.win32_1.7.0.201602121829/tools/compiler/bin/../lib/gcc/arm-none-eabi/5.2.1/armv6-m/crtbegin.o
 .text          0x08000174      0x114 c:/ac6/systemworkbench/plugins/fr.ac6.mcu.externaltools.arm-none.win32_1.7.0.201602121829/tools/compiler/bin/../lib/gcc/arm-none-eabi/5.2.1/armv6-m\libgcc.a(_udivsi3.o)
                0x08000174                __aeabi_uidiv
                0x08000174                __udivsi3
                0x08000280                __aeabi_uidivmod
 .text          0x08000288        0x4 c:/ac6/systemworkbench/plugins/fr.ac6.mcu.externaltools.arm-none.win32_1.7.0.201602121829/tools/compiler/bin/../lib/gcc/arm-none-eabi/5.2.1/armv6-m\libgcc.a(_dvmd_tls.o)
                0x08000288                __aeabi_idiv0
                0x08000288                __aeabi_ldiv0
 .text          0x0800028c        0xe c:/ac6/systemworkbench/plugins/fr.ac6.mcu.externaltools.arm-none.win32_1.7.0.201602121829/tools/compiler/bin/../lib/gcc/arm-none-eabi/5.2.1/../../../../arm-none-eabi/lib/armv6-m\libc_nano.a(lib_a-strlen.o)
                0x0800028c                strlen
 *(.text*)
 *fill*         0x0800029a        0x2 
 .text.Reset_Handler
                0x0800029c       0x50 startup/startup_stm32l053xx.o
                0x0800029c                Reset_Handler
 .text.Default_Handler
                0x080002ec        0x2 startup/startup_stm32l053xx.o
                0x080002ec                TSC_IRQHandler
                0x080002ec                HardFault_Handler
                0x080002ec                ADC1_COMP_IRQHandler
                0x080002ec                PVD_IRQHandler
                0x080002ec                PendSV_Handler
                0x080002ec                NMI_Handler
                0x080002ec                I2C1_IRQHandler
                0x080002ec                RCC_CRS_IRQHandler
                0x080002ec                SPI1_IRQHandler
                0x080002ec                TIM6_DAC_IRQHandler
                0x080002ec                EXTI2_3_IRQHandler
                0x080002ec                I2C2_IRQHandler
                0x080002ec                RTC_IRQHandler
                0x080002ec                LCD_IRQHandler
                0x080002ec                DMA1_Channel4_5_6_7_IRQHandler
                0x080002ec                EXTI4_15_IRQHandler
                0x080002ec                DMA1_Channel1_IRQHandler
                0x080002ec                Default_Handler
                0x080002ec                TIM22_IRQHandler
                0x080002ec                EXTI0_1_IRQHandler
                0x080002ec                USB_IRQHandler
                0x080002ec                SPI2_IRQHandler
                0x080002ec                SVC_Handler
                0x080002ec                TIM21_IRQHandler
                0x080002ec                WWDG_IRQHandler
                0x080002ec                TIM2_IRQHandler
                0x080002ec                DMA1_Channel2_3_IRQHandler
                0x080002ec                USART2_IRQHandler
                0x080002ec                FLASH_IRQHandler
                0x080002ec                USART1_IRQHandler
                0x080002ec                RNG_LPUART1_IRQHandler
                0x080002ec                LPTIM1_IRQHandler
 *fill*         0x080002ee        0x2 
 .text.MX_GPIO_Init
                0x080002f0       0x98 Src/gpio.o
                0x080002f0                MX_GPIO_Init
 .text.Ecrire   0x08000388       0x74 Src/lcd.o
                0x08000388                Ecrire
 .text.toggle_e
                0x080003fc       0x20 Src/lcd.o
                0x080003fc                toggle_e
 .text.D_set_E_Toggle
                0x0800041c        0xc Src/lcd.o
                0x0800041c                D_set_E_Toggle
 .text.EcrireFonction
                0x08000428       0x2c Src/lcd.o
                0x08000428                EcrireFonction
 .text.EcrireCaractere
                0x08000454       0x2c Src/lcd.o
                0x08000454                EcrireCaractere
 .text.EcrireChaine
                0x08000480       0x18 Src/lcd.o
                0x08000480                EcrireChaine
 .text.lcdinit4
                0x08000498      0x110 Src/lcd.o
                0x08000498                lcdinit4
 .text.Affichage_LCD
                0x080005a8       0x34 Src/lcd.o
                0x080005a8                Affichage_LCD
 .text.LL_Init  0x080005dc       0x50 Src/main.o
 .text._Error_Handler
                0x0800062c        0x4 Src/main.o
                0x0800062c                _Error_Handler
 .text.SystemClock_Config
                0x08000630       0xd8 Src/main.o
                0x08000630                SystemClock_Config
 .text.main     0x08000708       0xd4 Src/main.o
                0x08000708                main
 .text.SENSOR_Init
                0x080007dc       0xa4 Src/sensor.o
                0x080007dc                SENSOR_Init
 .text.HCSR04_isOn
                0x08000880       0x14 Src/sensor.o
                0x08000880                HCSR04_isOn
 .text.HCSR04_isOff
                0x08000894       0x14 Src/sensor.o
                0x08000894                HCSR04_isOff
 .text.sensor_dist
                0x080008a8       0x54 Src/sensor.o
                0x080008a8                sensor_dist
 .text.SysTick_Handler
                0x080008fc        0x4 Src/stm32l0xx_it.o
                0x080008fc                SysTick_Handler
 .text.SystemInit
                0x08000900       0x5c Src/system_stm32l0xx.o
                0x08000900                SystemInit
 .text.MX_USART2_UART_Init
                0x0800095c       0xa0 Src/usart.o
                0x0800095c                MX_USART2_UART_Init
 .text.LL_EXTI_Init
                0x080009fc       0xd0 Drivers/STM32L0xx_HAL_Driver/Src/stm32l0xx_ll_exti.o
                0x080009fc                LL_EXTI_Init
 .text.LL_GPIO_Init
                0x08000acc       0xa4 Drivers/STM32L0xx_HAL_Driver/Src/stm32l0xx_ll_gpio.o
                0x08000acc                LL_GPIO_Init
 .text.RCC_GetHCLKClockFreq
                0x08000b70       0x1c Drivers/STM32L0xx_HAL_Driver/Src/stm32l0xx_ll_rcc.o
                0x08000b70                RCC_GetHCLKClockFreq
 .text.RCC_GetPCLK1ClockFreq
                0x08000b8c       0x1c Drivers/STM32L0xx_HAL_Driver/Src/stm32l0xx_ll_rcc.o
                0x08000b8c                RCC_GetPCLK1ClockFreq
 .text.RCC_GetPCLK2ClockFreq
                0x08000ba8       0x1c Drivers/STM32L0xx_HAL_Driver/Src/stm32l0xx_ll_rcc.o
                0x08000ba8                RCC_GetPCLK2ClockFreq
 .text.RCC_PLL_GetFreqDomain_SYS
                0x08000bc4       0x4c Drivers/STM32L0xx_HAL_Driver/Src/stm32l0xx_ll_rcc.o
                0x08000bc4                RCC_PLL_GetFreqDomain_SYS
 .text.RCC_GetSystemClockFreq
                0x08000c10       0x68 Drivers/STM32L0xx_HAL_Driver/Src/stm32l0xx_ll_rcc.o
                0x08000c10                RCC_GetSystemClockFreq
 .text.LL_RCC_GetUSARTClockFreq
                0x08000c78       0xd0 Drivers/STM32L0xx_HAL_Driver/Src/stm32l0xx_ll_rcc.o
                0x08000c78                LL_RCC_GetUSARTClockFreq
 .text.LL_USART_Init
                0x08000d48       0xc4 Drivers/STM32L0xx_HAL_Driver/Src/stm32l0xx_ll_usart.o
                0x08000d48                LL_USART_Init
 .text.LL_Init1msTick
                0x08000e0c       0x20 Drivers/STM32L0xx_HAL_Driver/Src/stm32l0xx_ll_utils.o
                0x08000e0c                LL_Init1msTick
 .text.LL_mDelay
                0x08000e2c       0x28 Drivers/STM32L0xx_HAL_Driver/Src/stm32l0xx_ll_utils.o
                0x08000e2c                LL_mDelay
 .text.LL_SetSystemCoreClock
                0x08000e54        0xc Drivers/STM32L0xx_HAL_Driver/Src/stm32l0xx_ll_utils.o
                0x08000e54                LL_SetSystemCoreClock
 .text.__libc_init_array
                0x08000e60       0x4c c:/ac6/systemworkbench/plugins/fr.ac6.mcu.externaltools.arm-none.win32_1.7.0.201602121829/tools/compiler/bin/../lib/gcc/arm-none-eabi/5.2.1/../../../../arm-none-eabi/lib/armv6-m\libc_nano.a(lib_a-init.o)
                0x08000e60                __libc_init_array
 .text.__itoa   0x08000eac       0x2e c:/ac6/systemworkbench/plugins/fr.ac6.mcu.externaltools.arm-none.win32_1.7.0.201602121829/tools/compiler/bin/../lib/gcc/arm-none-eabi/5.2.1/../../../../arm-none-eabi/lib/armv6-m\libc_nano.a(lib_a-itoa.o)
                0x08000eac                __itoa
 .text.itoa     0x08000eda        0x8 c:/ac6/systemworkbench/plugins/fr.ac6.mcu.externaltools.arm-none.win32_1.7.0.201602121829/tools/compiler/bin/../lib/gcc/arm-none-eabi/5.2.1/../../../../arm-none-eabi/lib/armv6-m\libc_nano.a(lib_a-itoa.o)
                0x08000eda                itoa
 .text.memcpy   0x08000ee2       0x12 c:/ac6/systemworkbench/plugins/fr.ac6.mcu.externaltools.arm-none.win32_1.7.0.201602121829/tools/compiler/bin/../lib/gcc/arm-none-eabi/5.2.1/../../../../arm-none-eabi/lib/armv6-m\libc_nano.a(lib_a-memcpy-stub.o)
                0x08000ee2                memcpy
 .text.strcat   0x08000ef4       0x1a c:/ac6/systemworkbench/plugins/fr.ac6.mcu.externaltools.arm-none.win32_1.7.0.201602121829/tools/compiler/bin/../lib/gcc/arm-none-eabi/5.2.1/../../../../arm-none-eabi/lib/armv6-m\libc_nano.a(lib_a-strcat.o)
                0x08000ef4                strcat
 *fill*         0x08000f0e        0x2 
 .text.__utoa   0x08000f10       0x74 c:/ac6/systemworkbench/plugins/fr.ac6.mcu.externaltools.arm-none.win32_1.7.0.201602121829/tools/compiler/bin/../lib/gcc/arm-none-eabi/5.2.1/../../../../arm-none-eabi/lib/armv6-m\libc_nano.a(lib_a-utoa.o)
                0x08000f10                __utoa
 *(.glue_7)
 .glue_7        0x08000f84        0x0 linker stubs
 *(.glue_7t)
 .glue_7t       0x08000f84        0x0 linker stubs
 *(.eh_frame)
 .eh_frame      0x08000f84        0x0 c:/ac6/systemworkbench/plugins/fr.ac6.mcu.externaltools.arm-none.win32_1.7.0.201602121829/tools/compiler/bin/../lib/gcc/arm-none-eabi/5.2.1/armv6-m/crtbegin.o
 *(.init)
 .init          0x08000f84        0x4 c:/ac6/systemworkbench/plugins/fr.ac6.mcu.externaltools.arm-none.win32_1.7.0.201602121829/tools/compiler/bin/../lib/gcc/arm-none-eabi/5.2.1/armv6-m/crti.o
                0x08000f84                _init
 .init          0x08000f88        0x8 c:/ac6/systemworkbench/plugins/fr.ac6.mcu.externaltools.arm-none.win32_1.7.0.201602121829/tools/compiler/bin/../lib/gcc/arm-none-eabi/5.2.1/armv6-m/crtn.o
 *(.fini)
 .fini          0x08000f90        0x4 c:/ac6/systemworkbench/plugins/fr.ac6.mcu.externaltools.arm-none.win32_1.7.0.201602121829/tools/compiler/bin/../lib/gcc/arm-none-eabi/5.2.1/armv6-m/crti.o
                0x08000f90                _fini
 .fini          0x08000f94        0x8 c:/ac6/systemworkbench/plugins/fr.ac6.mcu.externaltools.arm-none.win32_1.7.0.201602121829/tools/compiler/bin/../lib/gcc/arm-none-eabi/5.2.1/armv6-m/crtn.o
                0x08000f9c                . = ALIGN (0x4)
                0x08000f9c                _etext = .

.vfp11_veneer   0x08000f9c        0x0
 .vfp11_veneer  0x08000f9c        0x0 linker stubs

.v4_bx          0x08000f9c        0x0
 .v4_bx         0x08000f9c        0x0 linker stubs

.iplt           0x08000f9c        0x0
 .iplt          0x08000f9c        0x0 c:/ac6/systemworkbench/plugins/fr.ac6.mcu.externaltools.arm-none.win32_1.7.0.201602121829/tools/compiler/bin/../lib/gcc/arm-none-eabi/5.2.1/armv6-m/crtbegin.o

.rodata         0x08000f9c       0x80
                0x08000f9c                . = ALIGN (0x4)
 *(.rodata)
 .rodata        0x08000f9c       0x24 Src/system_stm32l0xx.o
                0x08000f9c                PLLMulTable
                0x08000fa8                AHBPrescTable
                0x08000fb8                APBPrescTable
 *(.rodata*)
 .rodata.str1.4
                0x08000fc0       0x34 Src/main.o
                                 0x31 (size before relaxing)
 .rodata.str1.1
                0x08000ff4       0x25 c:/ac6/systemworkbench/plugins/fr.ac6.mcu.externaltools.arm-none.win32_1.7.0.201602121829/tools/compiler/bin/../lib/gcc/arm-none-eabi/5.2.1/../../../../arm-none-eabi/lib/armv6-m\libc_nano.a(lib_a-utoa.o)
                0x0800101c                . = ALIGN (0x4)
 *fill*         0x08001019        0x3 

.rel.dyn        0x0800101c        0x0
 .rel.iplt      0x0800101c        0x0 c:/ac6/systemworkbench/plugins/fr.ac6.mcu.externaltools.arm-none.win32_1.7.0.201602121829/tools/compiler/bin/../lib/gcc/arm-none-eabi/5.2.1/armv6-m/crtbegin.o

.ARM.extab
 *(.ARM.extab* .gnu.linkonce.armextab.*)

.ARM            0x0800101c        0x0
                0x0800101c                __exidx_start = .
 *(.ARM.exidx*)
                0x0800101c                __exidx_end = .

.preinit_array  0x0800101c        0x0
                0x0800101c                PROVIDE (__preinit_array_start, .)
 *(.preinit_array*)
                0x0800101c                PROVIDE (__preinit_array_end, .)

.init_array     0x0800101c        0x4
                0x0800101c                PROVIDE (__init_array_start, .)
 *(SORT(.init_array.*))
 *(.init_array*)
 .init_array    0x0800101c        0x4 c:/ac6/systemworkbench/plugins/fr.ac6.mcu.externaltools.arm-none.win32_1.7.0.201602121829/tools/compiler/bin/../lib/gcc/arm-none-eabi/5.2.1/armv6-m/crtbegin.o
                0x08001020                PROVIDE (__init_array_end, .)

.fini_array     0x08001020        0x4
                [!provide]                PROVIDE (__fini_array_start, .)
 *(SORT(.fini_array.*))
 *(.fini_array*)
 .fini_array    0x08001020        0x4 c:/ac6/systemworkbench/plugins/fr.ac6.mcu.externaltools.arm-none.win32_1.7.0.201602121829/tools/compiler/bin/../lib/gcc/arm-none-eabi/5.2.1/armv6-m/crtbegin.o
                [!provide]                PROVIDE (__fini_array_end, .)
                0x08001024                _sidata = LOADADDR (.data)

.data           0x20000000        0x4 load address 0x08001024
                0x20000000                . = ALIGN (0x4)
                0x20000000                _sdata = .
 *(.data)
 .data          0x20000000        0x4 Src/system_stm32l0xx.o
                0x20000000                SystemCoreClock
 *(.data*)
                0x20000004                . = ALIGN (0x4)
                0x20000004                _edata = .

.jcr            0x20000004        0x0 load address 0x08001028
 .jcr           0x20000004        0x0 c:/ac6/systemworkbench/plugins/fr.ac6.mcu.externaltools.arm-none.win32_1.7.0.201602121829/tools/compiler/bin/../lib/gcc/arm-none-eabi/5.2.1/armv6-m/crtbegin.o

.tm_clone_table
                0x20000004        0x0 load address 0x08001028
 .tm_clone_table
                0x20000004        0x0 c:/ac6/systemworkbench/plugins/fr.ac6.mcu.externaltools.arm-none.win32_1.7.0.201602121829/tools/compiler/bin/../lib/gcc/arm-none-eabi/5.2.1/armv6-m/crtbegin.o
 .tm_clone_table
                0x20000004        0x0 c:/ac6/systemworkbench/plugins/fr.ac6.mcu.externaltools.arm-none.win32_1.7.0.201602121829/tools/compiler/bin/../lib/gcc/arm-none-eabi/5.2.1/armv6-m/crtend.o

.igot.plt       0x20000004        0x0 load address 0x08001028
 .igot.plt      0x20000004        0x0 c:/ac6/systemworkbench/plugins/fr.ac6.mcu.externaltools.arm-none.win32_1.7.0.201602121829/tools/compiler/bin/../lib/gcc/arm-none-eabi/5.2.1/armv6-m/crtbegin.o
                0x20000004                . = ALIGN (0x4)

.bss            0x20000004       0x1c load address 0x08001028
                0x20000004                _sbss = .
                0x20000004                __bss_start__ = _sbss
 *(.bss)
 .bss           0x20000004       0x1c c:/ac6/systemworkbench/plugins/fr.ac6.mcu.externaltools.arm-none.win32_1.7.0.201602121829/tools/compiler/bin/../lib/gcc/arm-none-eabi/5.2.1/armv6-m/crtbegin.o
 *(.bss*)
 *(COMMON)
                0x20000020                . = ALIGN (0x4)
                0x20000020                _ebss = .
                0x20000020                __bss_end__ = _ebss

._user_heap_stack
                0x20000020      0x600 load address 0x08001028
                0x20000020                . = ALIGN (0x8)
                [!provide]                PROVIDE (end, .)
                [!provide]                PROVIDE (_end, .)
                0x20000220                . = (. + _Min_Heap_Size)
 *fill*         0x20000020      0x200 
                0x20000620                . = (. + _Min_Stack_Size)
 *fill*         0x20000220      0x400 
                0x20000620                . = ALIGN (0x8)

/DISCARD/
 libc.a(*)
 libm.a(*)
 libgcc.a(*)

.ARM.attributes
                0x00000000       0x28
 *(.ARM.attributes)
 .ARM.attributes
                0x00000000       0x1e c:/ac6/systemworkbench/plugins/fr.ac6.mcu.externaltools.arm-none.win32_1.7.0.201602121829/tools/compiler/bin/../lib/gcc/arm-none-eabi/5.2.1/armv6-m/crti.o
 .ARM.attributes
                0x0000001e       0x2c c:/ac6/systemworkbench/plugins/fr.ac6.mcu.externaltools.arm-none.win32_1.7.0.201602121829/tools/compiler/bin/../lib/gcc/arm-none-eabi/5.2.1/armv6-m/crtbegin.o
 .ARM.attributes
                0x0000004a       0x22 startup/startup_stm32l053xx.o
 .ARM.attributes
                0x0000006c       0x32 Src/gpio.o
 .ARM.attributes
                0x0000009e       0x32 Src/lcd.o
 .ARM.attributes
                0x000000d0       0x32 Src/main.o
 .ARM.attributes
                0x00000102       0x32 Src/sensor.o
 .ARM.attributes
                0x00000134       0x32 Src/stm32l0xx_it.o
 .ARM.attributes
                0x00000166       0x32 Src/system_stm32l0xx.o
 .ARM.attributes
                0x00000198       0x32 Src/usart.o
 .ARM.attributes
                0x000001ca       0x32 Drivers/STM32L0xx_HAL_Driver/Src/stm32l0xx_ll_exti.o
 .ARM.attributes
                0x000001fc       0x32 Drivers/STM32L0xx_HAL_Driver/Src/stm32l0xx_ll_gpio.o
 .ARM.attributes
                0x0000022e       0x32 Drivers/STM32L0xx_HAL_Driver/Src/stm32l0xx_ll_rcc.o
 .ARM.attributes
                0x00000260       0x32 Drivers/STM32L0xx_HAL_Driver/Src/stm32l0xx_ll_usart.o
 .ARM.attributes
                0x00000292       0x32 Drivers/STM32L0xx_HAL_Driver/Src/stm32l0xx_ll_utils.o
 .ARM.attributes
                0x000002c4       0x1e c:/ac6/systemworkbench/plugins/fr.ac6.mcu.externaltools.arm-none.win32_1.7.0.201602121829/tools/compiler/bin/../lib/gcc/arm-none-eabi/5.2.1/armv6-m\libgcc.a(_udivsi3.o)
 .ARM.attributes
                0x000002e2       0x1e c:/ac6/systemworkbench/plugins/fr.ac6.mcu.externaltools.arm-none.win32_1.7.0.201602121829/tools/compiler/bin/../lib/gcc/arm-none-eabi/5.2.1/armv6-m\libgcc.a(_dvmd_tls.o)
 .ARM.attributes
                0x00000300       0x2c c:/ac6/systemworkbench/plugins/fr.ac6.mcu.externaltools.arm-none.win32_1.7.0.201602121829/tools/compiler/bin/../lib/gcc/arm-none-eabi/5.2.1/../../../../arm-none-eabi/lib/armv6-m\libc_nano.a(lib_a-init.o)
 .ARM.attributes
                0x0000032c       0x2c c:/ac6/systemworkbench/plugins/fr.ac6.mcu.externaltools.arm-none.win32_1.7.0.201602121829/tools/compiler/bin/../lib/gcc/arm-none-eabi/5.2.1/../../../../arm-none-eabi/lib/armv6-m\libc_nano.a(lib_a-itoa.o)
 .ARM.attributes
                0x00000358       0x2c c:/ac6/systemworkbench/plugins/fr.ac6.mcu.externaltools.arm-none.win32_1.7.0.201602121829/tools/compiler/bin/../lib/gcc/arm-none-eabi/5.2.1/../../../../arm-none-eabi/lib/armv6-m\libc_nano.a(lib_a-memcpy-stub.o)
 .ARM.attributes
                0x00000384       0x2c c:/ac6/systemworkbench/plugins/fr.ac6.mcu.externaltools.arm-none.win32_1.7.0.201602121829/tools/compiler/bin/../lib/gcc/arm-none-eabi/5.2.1/../../../../arm-none-eabi/lib/armv6-m\libc_nano.a(lib_a-strcat.o)
 .ARM.attributes
                0x000003b0       0x1c c:/ac6/systemworkbench/plugins/fr.ac6.mcu.externaltools.arm-none.win32_1.7.0.201602121829/tools/compiler/bin/../lib/gcc/arm-none-eabi/5.2.1/../../../../arm-none-eabi/lib/armv6-m\libc_nano.a(lib_a-strlen.o)
 .ARM.attributes
                0x000003cc       0x2c c:/ac6/systemworkbench/plugins/fr.ac6.mcu.externaltools.arm-none.win32_1.7.0.201602121829/tools/compiler/bin/../lib/gcc/arm-none-eabi/5.2.1/../../../../arm-none-eabi/lib/armv6-m\libc_nano.a(lib_a-utoa.o)
 .ARM.attributes
                0x000003f8       0x2c c:/ac6/systemworkbench/plugins/fr.ac6.mcu.externaltools.arm-none.win32_1.7.0.201602121829/tools/compiler/bin/../lib/gcc/arm-none-eabi/5.2.1/armv6-m/crtend.o
 .ARM.attributes
                0x00000424       0x1e c:/ac6/systemworkbench/plugins/fr.ac6.mcu.externaltools.arm-none.win32_1.7.0.201602121829/tools/compiler/bin/../lib/gcc/arm-none-eabi/5.2.1/armv6-m/crtn.o
OUTPUT(radar1.elf elf32-littlearm)

.debug_line     0x00000000     0x43f3
 .debug_line    0x00000000       0x83 startup/startup_stm32l053xx.o
 .debug_line    0x00000083      0x579 Src/gpio.o
 .debug_line    0x000005fc      0x4cd Src/lcd.o
 .debug_line    0x00000ac9      0x7f9 Src/main.o
 .debug_line    0x000012c2      0x5a5 Src/sensor.o
 .debug_line    0x00001867      0x555 Src/stm32l0xx_it.o
 .debug_line    0x00001dbc      0x3f3 Src/system_stm32l0xx.o
 .debug_line    0x000021af      0x588 Src/usart.o
 .debug_line    0x00002737      0x4f6 Drivers/STM32L0xx_HAL_Driver/Src/stm32l0xx_ll_exti.o
 .debug_line    0x00002c2d      0x523 Drivers/STM32L0xx_HAL_Driver/Src/stm32l0xx_ll_gpio.o
 .debug_line    0x00003150      0x703 Drivers/STM32L0xx_HAL_Driver/Src/stm32l0xx_ll_rcc.o
 .debug_line    0x00003853      0x558 Drivers/STM32L0xx_HAL_Driver/Src/stm32l0xx_ll_usart.o
 .debug_line    0x00003dab      0x648 Drivers/STM32L0xx_HAL_Driver/Src/stm32l0xx_ll_utils.o

.debug_info     0x00000000     0x5149
 .debug_info    0x00000000       0x77 startup/startup_stm32l053xx.o
 .debug_info    0x00000077      0x65b Src/gpio.o
 .debug_info    0x000006d2      0x590 Src/lcd.o
 .debug_info    0x00000c62      0xf5a Src/main.o
 .debug_info    0x00001bbc      0x47d Src/sensor.o
 .debug_info    0x00002039       0xc6 Src/stm32l0xx_it.o
 .debug_info    0x000020ff      0x368 Src/system_stm32l0xx.o
 .debug_info    0x00002467      0x5a6 Src/usart.o
 .debug_info    0x00002a0d      0x46b Drivers/STM32L0xx_HAL_Driver/Src/stm32l0xx_ll_exti.o
 .debug_info    0x00002e78      0x732 Drivers/STM32L0xx_HAL_Driver/Src/stm32l0xx_ll_gpio.o
 .debug_info    0x000035aa      0xa3a Drivers/STM32L0xx_HAL_Driver/Src/stm32l0xx_ll_rcc.o
 .debug_info    0x00003fe4      0x748 Drivers/STM32L0xx_HAL_Driver/Src/stm32l0xx_ll_usart.o
 .debug_info    0x0000472c      0xa1d Drivers/STM32L0xx_HAL_Driver/Src/stm32l0xx_ll_utils.o

.debug_abbrev   0x00000000     0x14b5
 .debug_abbrev  0x00000000       0x12 startup/startup_stm32l053xx.o
 .debug_abbrev  0x00000012      0x1af Src/gpio.o
 .debug_abbrev  0x000001c1      0x169 Src/lcd.o
 .debug_abbrev  0x0000032a      0x345 Src/main.o
 .debug_abbrev  0x0000066f      0x15e Src/sensor.o
 .debug_abbrev  0x000007cd       0x7a Src/stm32l0xx_it.o
 .debug_abbrev  0x00000847       0xf3 Src/system_stm32l0xx.o
 .debug_abbrev  0x0000093a      0x18a Src/usart.o
 .debug_abbrev  0x00000ac4      0x178 Drivers/STM32L0xx_HAL_Driver/Src/stm32l0xx_ll_exti.o
 .debug_abbrev  0x00000c3c      0x18c Drivers/STM32L0xx_HAL_Driver/Src/stm32l0xx_ll_gpio.o
 .debug_abbrev  0x00000dc8      0x22f Drivers/STM32L0xx_HAL_Driver/Src/stm32l0xx_ll_rcc.o
 .debug_abbrev  0x00000ff7      0x24c Drivers/STM32L0xx_HAL_Driver/Src/stm32l0xx_ll_usart.o
 .debug_abbrev  0x00001243      0x272 Drivers/STM32L0xx_HAL_Driver/Src/stm32l0xx_ll_utils.o

.debug_aranges  0x00000000      0x2f8
 .debug_aranges
                0x00000000       0x28 startup/startup_stm32l053xx.o
 .debug_aranges
                0x00000028       0x20 Src/gpio.o
 .debug_aranges
                0x00000048       0x58 Src/lcd.o
 .debug_aranges
                0x000000a0       0x40 Src/main.o
 .debug_aranges
                0x000000e0       0x38 Src/sensor.o
 .debug_aranges
                0x00000118       0x20 Src/stm32l0xx_it.o
 .debug_aranges
                0x00000138       0x28 Src/system_stm32l0xx.o
 .debug_aranges
                0x00000160       0x20 Src/usart.o
 .debug_aranges
                0x00000180       0x30 Drivers/STM32L0xx_HAL_Driver/Src/stm32l0xx_ll_exti.o
 .debug_aranges
                0x000001b0       0x30 Drivers/STM32L0xx_HAL_Driver/Src/stm32l0xx_ll_gpio.o
 .debug_aranges
                0x000001e0       0x78 Drivers/STM32L0xx_HAL_Driver/Src/stm32l0xx_ll_rcc.o
 .debug_aranges
                0x00000258       0x40 Drivers/STM32L0xx_HAL_Driver/Src/stm32l0xx_ll_usart.o
 .debug_aranges
                0x00000298       0x60 Drivers/STM32L0xx_HAL_Driver/Src/stm32l0xx_ll_utils.o

.debug_ranges   0x00000000      0x248
 .debug_ranges  0x00000000       0x20 startup/startup_stm32l053xx.o
 .debug_ranges  0x00000020       0x10 Src/gpio.o
 .debug_ranges  0x00000030       0x48 Src/lcd.o
 .debug_ranges  0x00000078       0x30 Src/main.o
 .debug_ranges  0x000000a8       0x28 Src/sensor.o
 .debug_ranges  0x000000d0       0x10 Src/stm32l0xx_it.o
 .debug_ranges  0x000000e0       0x18 Src/system_stm32l0xx.o
 .debug_ranges  0x000000f8       0x10 Src/usart.o
 .debug_ranges  0x00000108       0x20 Drivers/STM32L0xx_HAL_Driver/Src/stm32l0xx_ll_exti.o
 .debug_ranges  0x00000128       0x20 Drivers/STM32L0xx_HAL_Driver/Src/stm32l0xx_ll_gpio.o
 .debug_ranges  0x00000148       0x68 Drivers/STM32L0xx_HAL_Driver/Src/stm32l0xx_ll_rcc.o
 .debug_ranges  0x000001b0       0x48 Drivers/STM32L0xx_HAL_Driver/Src/stm32l0xx_ll_usart.o
 .debug_ranges  0x000001f8       0x50 Drivers/STM32L0xx_HAL_Driver/Src/stm32l0xx_ll_utils.o

.debug_loc      0x00000000     0x1df1
 .debug_loc     0x00000000      0x118 Src/gpio.o
 .debug_loc     0x00000118      0x198 Src/lcd.o
 .debug_loc     0x000002b0      0x28c Src/main.o
 .debug_loc     0x0000053c      0x1ee Src/sensor.o
 .debug_loc     0x0000072a      0x165 Src/system_stm32l0xx.o
 .debug_loc     0x0000088f       0x5e Src/usart.o
 .debug_loc     0x000008ed      0x1ed Drivers/STM32L0xx_HAL_Driver/Src/stm32l0xx_ll_exti.o
 .debug_loc     0x00000ada      0x387 Drivers/STM32L0xx_HAL_Driver/Src/stm32l0xx_ll_gpio.o
 .debug_loc     0x00000e61      0x591 Drivers/STM32L0xx_HAL_Driver/Src/stm32l0xx_ll_rcc.o
 .debug_loc     0x000013f2      0x412 Drivers/STM32L0xx_HAL_Driver/Src/stm32l0xx_ll_usart.o
 .debug_loc     0x00001804      0x5ed Drivers/STM32L0xx_HAL_Driver/Src/stm32l0xx_ll_utils.o

.debug_macro    0x00000000     0xe78d
 .debug_macro   0x00000000      0x12c Src/gpio.o
 .debug_macro   0x0000012c      0x874 Src/gpio.o
 .debug_macro   0x000009a0       0x2e Src/gpio.o
 .debug_macro   0x000009ce       0x28 Src/gpio.o
 .debug_macro   0x000009f6       0x22 Src/gpio.o
 .debug_macro   0x00000a18       0x44 Src/gpio.o
 .debug_macro   0x00000a5c       0xfd Src/gpio.o
 .debug_macro   0x00000b59       0x22 Src/gpio.o
 .debug_macro   0x00000b7b      0x1df Src/gpio.o
 .debug_macro   0x00000d5a       0x34 Src/gpio.o
 .debug_macro   0x00000d8e       0x26 Src/gpio.o
 .debug_macro   0x00000db4      0x44f Src/gpio.o
 .debug_macro   0x00001203     0x9cc0 Src/gpio.o
 .debug_macro   0x0000aec3       0x3c Src/gpio.o
 .debug_macro   0x0000aeff      0x185 Src/gpio.o
 .debug_macro   0x0000b084      0x13a Src/gpio.o
 .debug_macro   0x0000b1be      0x10e Src/gpio.o
 .debug_macro   0x0000b2cc       0xe9 Src/gpio.o
 .debug_macro   0x0000b3b5      0x466 Src/gpio.o
 .debug_macro   0x0000b81b      0x101 Src/gpio.o
 .debug_macro   0x0000b91c      0x19a Src/gpio.o
 .debug_macro   0x0000bab6       0x2a Src/gpio.o
 .debug_macro   0x0000bae0       0xc4 Src/gpio.o
 .debug_macro   0x0000bba4      0x303 Src/gpio.o
 .debug_macro   0x0000bea7      0x31b Src/gpio.o
 .debug_macro   0x0000c1c2       0x70 Src/gpio.o
 .debug_macro   0x0000c232       0xb9 Src/lcd.o
 .debug_macro   0x0000c2eb       0x3a Src/lcd.o
 .debug_macro   0x0000c325      0x2d1 Src/main.o
 .debug_macro   0x0000c5f6       0xe3 Src/main.o
 .debug_macro   0x0000c6d9       0x58 Src/main.o
 .debug_macro   0x0000c731       0x35 Src/main.o
 .debug_macro   0x0000c766       0x9c Src/main.o
 .debug_macro   0x0000c802       0x16 Src/main.o
 .debug_macro   0x0000c818       0x97 Src/main.o
 .debug_macro   0x0000c8af      0x329 Src/main.o
 .debug_macro   0x0000cbd8       0xfd Src/main.o
 .debug_macro   0x0000ccd5       0x10 Src/main.o
 .debug_macro   0x0000cce5       0x52 Src/main.o
 .debug_macro   0x0000cd37       0x16 Src/main.o
 .debug_macro   0x0000cd4d       0x43 Src/main.o
 .debug_macro   0x0000cd90      0x187 Src/main.o
 .debug_macro   0x0000cf17       0x10 Src/main.o
 .debug_macro   0x0000cf27       0x22 Src/main.o
 .debug_macro   0x0000cf49       0x3a Src/main.o
 .debug_macro   0x0000cf83       0x10 Src/main.o
 .debug_macro   0x0000cf93       0x40 Src/main.o
 .debug_macro   0x0000cfd3       0x65 Src/main.o
 .debug_macro   0x0000d038       0x16 Src/main.o
 .debug_macro   0x0000d04e      0x197 Src/main.o
 .debug_macro   0x0000d1e5       0x16 Src/main.o
 .debug_macro   0x0000d1fb       0x35 Src/main.o
 .debug_macro   0x0000d230       0x16 Src/main.o
 .debug_macro   0x0000d246       0x29 Src/main.o
 .debug_macro   0x0000d26f       0x16 Src/main.o
 .debug_macro   0x0000d285      0x1e1 Src/main.o
 .debug_macro   0x0000d466      0x13a Src/sensor.o
 .debug_macro   0x0000d5a0      0x12c Src/stm32l0xx_it.o
 .debug_macro   0x0000d6cc       0xb6 Src/system_stm32l0xx.o
 .debug_macro   0x0000d782      0x13c Src/usart.o
 .debug_macro   0x0000d8be      0x315 Src/usart.o
 .debug_macro   0x0000dbd3       0xd7 Drivers/STM32L0xx_HAL_Driver/Src/stm32l0xx_ll_exti.o
 .debug_macro   0x0000dcaa      0x108 Drivers/STM32L0xx_HAL_Driver/Src/stm32l0xx_ll_exti.o
 .debug_macro   0x0000ddb2       0xf2 Drivers/STM32L0xx_HAL_Driver/Src/stm32l0xx_ll_gpio.o
 .debug_macro   0x0000dea4      0x134 Drivers/STM32L0xx_HAL_Driver/Src/stm32l0xx_ll_gpio.o
 .debug_macro   0x0000dfd8       0xe3 Drivers/STM32L0xx_HAL_Driver/Src/stm32l0xx_ll_rcc.o
 .debug_macro   0x0000e0bb      0x460 Drivers/STM32L0xx_HAL_Driver/Src/stm32l0xx_ll_rcc.o
 .debug_macro   0x0000e51b      0x119 Drivers/STM32L0xx_HAL_Driver/Src/stm32l0xx_ll_usart.o
 .debug_macro   0x0000e634      0x159 Drivers/STM32L0xx_HAL_Driver/Src/stm32l0xx_ll_utils.o

.debug_str      0x00000000    0x49739
 .debug_str     0x00000000    0x426e9 Src/gpio.o
                              0x428f4 (size before relaxing)
 .debug_str     0x000426e9       0xf0 Src/lcd.o
                              0x3a7d8 (size before relaxing)
 .debug_str     0x000427d9     0x49a6 Src/main.o
                              0x4728f (size before relaxing)
 .debug_str     0x0004717f       0x44 Src/sensor.o
                              0x42833 (size before relaxing)
 .debug_str     0x000471c3       0x38 Src/stm32l0xx_it.o
                              0x426a0 (size before relaxing)
 .debug_str     0x000471fb       0x9a Src/system_stm32l0xx.o
                              0x3a839 (size before relaxing)
 .debug_str     0x00047295       0xd7 Src/usart.o
                              0x428ec (size before relaxing)
 .debug_str     0x0004736c      0x352 Drivers/STM32L0xx_HAL_Driver/Src/stm32l0xx_ll_exti.o
                              0x3afdb (size before relaxing)
 .debug_str     0x000476be      0x51c Drivers/STM32L0xx_HAL_Driver/Src/stm32l0xx_ll_gpio.o
                              0x3bbad (size before relaxing)
 .debug_str     0x00047bda      0x60a Drivers/STM32L0xx_HAL_Driver/Src/stm32l0xx_ll_rcc.o
                              0x3cc2a (size before relaxing)
 .debug_str     0x000481e4      0x82f Drivers/STM32L0xx_HAL_Driver/Src/stm32l0xx_ll_usart.o
                              0x3e7bc (size before relaxing)
 .debug_str     0x00048a13      0xd26 Drivers/STM32L0xx_HAL_Driver/Src/stm32l0xx_ll_utils.o
                              0x3e490 (size before relaxing)

.comment        0x00000000       0x6e
 .comment       0x00000000       0x6e Src/gpio.o
                                 0x6f (size before relaxing)
 .comment       0x0000006e       0x6f Src/lcd.o
 .comment       0x0000006e       0x6f Src/main.o
 .comment       0x0000006e       0x6f Src/sensor.o
 .comment       0x0000006e       0x6f Src/stm32l0xx_it.o
 .comment       0x0000006e       0x6f Src/system_stm32l0xx.o
 .comment       0x0000006e       0x6f Src/usart.o
 .comment       0x0000006e       0x6f Drivers/STM32L0xx_HAL_Driver/Src/stm32l0xx_ll_exti.o
 .comment       0x0000006e       0x6f Drivers/STM32L0xx_HAL_Driver/Src/stm32l0xx_ll_gpio.o
 .comment       0x0000006e       0x6f Drivers/STM32L0xx_HAL_Driver/Src/stm32l0xx_ll_rcc.o
 .comment       0x0000006e       0x6f Drivers/STM32L0xx_HAL_Driver/Src/stm32l0xx_ll_usart.o
 .comment       0x0000006e       0x6f Drivers/STM32L0xx_HAL_Driver/Src/stm32l0xx_ll_utils.o

.debug_frame    0x00000000      0x6a4
 .debug_frame   0x00000000       0x30 Src/gpio.o
 .debug_frame   0x00000030       0xd4 Src/lcd.o
 .debug_frame   0x00000104       0x88 Src/main.o
 .debug_frame   0x0000018c       0x74 Src/sensor.o
 .debug_frame   0x00000200       0x20 Src/stm32l0xx_it.o
 .debug_frame   0x00000220       0x38 Src/system_stm32l0xx.o
 .debug_frame   0x00000258       0x30 Src/usart.o
 .debug_frame   0x00000288       0x48 Drivers/STM32L0xx_HAL_Driver/Src/stm32l0xx_ll_exti.o
 .debug_frame   0x000002d0       0x50 Drivers/STM32L0xx_HAL_Driver/Src/stm32l0xx_ll_gpio.o
 .debug_frame   0x00000320      0x110 Drivers/STM32L0xx_HAL_Driver/Src/stm32l0xx_ll_rcc.o
 .debug_frame   0x00000430       0x74 Drivers/STM32L0xx_HAL_Driver/Src/stm32l0xx_ll_usart.o
 .debug_frame   0x000004a4       0xdc Drivers/STM32L0xx_HAL_Driver/Src/stm32l0xx_ll_utils.o
 .debug_frame   0x00000580       0x20 c:/ac6/systemworkbench/plugins/fr.ac6.mcu.externaltools.arm-none.win32_1.7.0.201602121829/tools/compiler/bin/../lib/gcc/arm-none-eabi/5.2.1/armv6-m\libgcc.a(_udivsi3.o)
 .debug_frame   0x000005a0       0x2c c:/ac6/systemworkbench/plugins/fr.ac6.mcu.externaltools.arm-none.win32_1.7.0.201602121829/tools/compiler/bin/../lib/gcc/arm-none-eabi/5.2.1/../../../../arm-none-eabi/lib/armv6-m\libc_nano.a(lib_a-init.o)
 .debug_frame   0x000005cc       0x40 c:/ac6/systemworkbench/plugins/fr.ac6.mcu.externaltools.arm-none.win32_1.7.0.201602121829/tools/compiler/bin/../lib/gcc/arm-none-eabi/5.2.1/../../../../arm-none-eabi/lib/armv6-m\libc_nano.a(lib_a-itoa.o)
 .debug_frame   0x0000060c       0x28 c:/ac6/systemworkbench/plugins/fr.ac6.mcu.externaltools.arm-none.win32_1.7.0.201602121829/tools/compiler/bin/../lib/gcc/arm-none-eabi/5.2.1/../../../../arm-none-eabi/lib/armv6-m\libc_nano.a(lib_a-memcpy-stub.o)
 .debug_frame   0x00000634       0x28 c:/ac6/systemworkbench/plugins/fr.ac6.mcu.externaltools.arm-none.win32_1.7.0.201602121829/tools/compiler/bin/../lib/gcc/arm-none-eabi/5.2.1/../../../../arm-none-eabi/lib/armv6-m\libc_nano.a(lib_a-strcat.o)
 .debug_frame   0x0000065c       0x48 c:/ac6/systemworkbench/plugins/fr.ac6.mcu.externaltools.arm-none.win32_1.7.0.201602121829/tools/compiler/bin/../lib/gcc/arm-none-eabi/5.2.1/../../../../arm-none-eabi/lib/armv6-m\libc_nano.a(lib_a-utoa.o)
